[23:04:39] [ServerMain/INFO]: [bootstrap] Running Java 21 (OpenJDK 64-Bit Server VM 21.0.10+7-Ubuntu-124.04; Ubuntu null) on Linux 6.8.0-1044-azure (amd64)
[23:04:39] [ServerMain/INFO]: [bootstrap] Loading Paper 1.21.11-99-main@81b9122 (2026-01-20T19:08:30Z) for Minecraft 1.21.11
[23:04:39] [ServerMain/INFO]: [PluginInitializerManager] Initializing plugins...
[23:04:42] [ServerMain/INFO]: [PluginInitializerManager] Initialized 3 plugins
[23:04:42] [ServerMain/INFO]: [PluginInitializerManager] Bukkit plugins (3):
 - AdvancedTreeCapitator (1.3.0), Geyser-Spigot (2.10.0-SNAPSHOT), floodgate (2.2.5-SNAPSHOT (b132-5a72b6a))
[23:04:48] [ServerMain/INFO]: Environment: Environment[sessionHost=https://sessionserver.mojang.com, servicesHost=https://api.minecraftservices.com, profilesHost=https://api.mojang.com, name=PROD]
[23:04:51] [ServerMain/INFO]: Loaded 1470 recipes
[23:04:51] [ServerMain/INFO]: Loaded 1584 advancements
[23:04:51] [ServerMain/INFO]: [ca.spottedleaf.dataconverter.minecraft.datatypes.MCTypeRegistry] Initialising converters for DataConverter...
[23:04:52] [ServerMain/INFO]: [ca.spottedleaf.dataconverter.minecraft.datatypes.MCTypeRegistry] Finished initialising converters for DataConverter in 413.6ms
[23:04:52] [Server thread/INFO]: Starting minecraft server version 1.21.11
[23:04:52] [Server thread/INFO]: Loading properties
[23:04:52] [Server thread/INFO]: This server is running Paper version 1.21.11-99-main@81b9122 (2026-01-20T19:08:30Z) (Implementing API version 1.21.11-R0.1-SNAPSHOT)
[23:04:52] [Server thread/INFO]: [spark] This server bundles the spark profiler. For more information please visit https://docs.papermc.io/paper/profiling
[23:04:52] [Server thread/INFO]: Server Ping Player Sample Count: 12
[23:04:52] [Server thread/INFO]: Using 4 threads for Netty based IO
[23:04:53] [Server thread/INFO]: [MoonriseCommon] Paper is using 1 worker threads, 1 I/O threads
[23:04:53] [Server thread/INFO]: Default game type: SURVIVAL
[23:04:53] [Server thread/INFO]: Generating keypair
[23:04:53] [Server thread/INFO]: Starting Minecraft server on *:25565
[23:04:54] [Server thread/INFO]: Paper: Using libdeflate (Linux x86_64) compression from Velocity.
[23:04:54] [Server thread/INFO]: Paper: Using OpenSSL 3.x.x (Linux x86_64) cipher from Velocity.
[23:04:54] [Server thread/INFO]: [floodgate] Loading server plugin floodgate v2.2.5-SNAPSHOT (b132-5a72b6a)
[23:04:55] [Server thread/WARN]: [floodgate] en_ is not a supported Floodgate language.
[23:04:55] [Server thread/INFO]: [floodgate] Took 1,352ms to boot Floodgate
[23:04:55] [Server thread/INFO]: [Geyser-Spigot] Loading server plugin Geyser-Spigot v2.10.0-SNAPSHOT
[23:04:56] [Server thread/INFO]: [Geyser-Spigot] Loading extensions...
[23:04:56] [Server thread/INFO]: [Geyser-Spigot] Loaded 0 extension(s)
[23:04:56] [Server thread/INFO]: [AdvancedTreeCapitator] Loading server plugin AdvancedTreeCapitator v1.3.0
[23:04:56] [Server thread/INFO]: Server permissions file permissions.yml is empty, ignoring it
[23:04:56] [Server thread/WARN]: **** SERVER IS RUNNING IN OFFLINE/INSECURE MODE!
[23:04:56] [Server thread/WARN]: The server will make no attempt to authenticate usernames. Beware.
[23:04:56] [Server thread/WARN]: While this makes the game possible to play without internet access, it also opens up the ability for hackers to connect with any username they choose.
[23:04:56] [Server thread/WARN]: To change this, set "online-mode" to "true" in the server.properties file.
[23:04:56] [Server thread/INFO]: Preparing level "world"
[23:04:56] [Server thread/INFO]: [ca.spottedleaf.moonrise.common.util.MoonriseConstants] NUMA enable flag is not set; however there is NUMA interaction support for this OS.
[23:04:56] [Server thread/INFO]: [ca.spottedleaf.moonrise.common.util.MoonriseConstants] Detected 1 NUMA nodes.
[23:04:56] [Server thread/INFO]: Loading 0 persistent chunks for world 'minecraft:overworld'...
[23:04:56] [Server thread/INFO]: Preparing spawn area: 100%
[23:04:56] [Server thread/INFO]: Prepared spawn area in 3 ms
[23:04:56] [Server thread/INFO]: Loading 0 persistent chunks for world 'minecraft:the_nether'...
[23:04:56] [Server thread/INFO]: Prepared spawn area in 0 ms
[23:04:56] [Server thread/INFO]: Loading 0 persistent chunks for world 'minecraft:the_end'...
[23:04:56] [Server thread/INFO]: Prepared spawn area in 1 ms
[23:04:56] [Server thread/INFO]: Done preparing level "world" (0.570s)
[23:04:56] [Server thread/INFO]: [floodgate] Enabling floodgate v2.2.5-SNAPSHOT (b132-5a72b6a)
[23:04:57] [Server thread/INFO]: [Geyser-Spigot] Enabling Geyser-Spigot v2.10.0-SNAPSHOT
[23:04:59] [Server thread/INFO]: [AdvancedTreeCapitator] Enabling AdvancedTreeCapitator v1.3.0
[23:04:59] [Server thread/INFO]: [AdvancedTreeCapitator] Advanced TreeCapitator v1.3.0 enabled!
[23:04:59] [Server thread/INFO]: [spark] Starting background profiler...
[23:05:00] [Server thread/INFO]: [Geyser-Spigot] ******************************************
[23:05:00] [Server thread/INFO]: [Geyser-Spigot] 
[23:05:00] [Server thread/INFO]: [Geyser-Spigot] Loading Geyser version 2.10.0-b1136 (git-master-d4a6178)
[23:05:00] [Server thread/INFO]: [Geyser-Spigot] 
[23:05:00] [Server thread/INFO]: [Geyser-Spigot] ******************************************
[23:05:04] [GeyserServer-3-1/INFO]: [Geyser-Spigot] Started Geyser on UDP port 53197
[23:05:04] [Server thread/INFO]: [Geyser-Spigot] Done (3.907s)! Run /geyser help for help!
[23:05:04] [Server thread/WARN]: [Geyser-Spigot] Your server software does not support the Java version that Geyser requires (26.1). Please install ViaVersion (https://ci.viaversion.com/job/ViaVersion/) or update your server software!
[23:05:04] [Server thread/INFO]: Running delayed init tasks
[23:05:04] [Server thread/INFO]: Done (26.536s)! For help, type "help"
[23:05:04] [Paper Async Task Handler Thread - 1/WARN]: *** You are running an outdated version of Minecraft, which is 2 release(s) and 32 build(s) behind!
[23:05:04] [Paper Async Task Handler Thread - 1/WARN]: *** Please update to the latest stable version on https://papermc.io/downloads/paper ***
[23:05:49] [User Authenticator #0/INFO]: UUID of player elpandiller is 40871029-2def-3be8-80d9-6bf6abe7db44
[23:05:52] [Server thread/INFO]: elpandiller joined the game
[23:05:52] [Server thread/INFO]: elpandiller[/127.17.70.218:60973] logged in with entity id 78 at ([world]15.5324603984238, 65.0, -7.254895879609549)
[23:07:14] [Server thread/INFO]: elpandiller lost connection: Disconnected
[23:07:14] [Server thread/INFO]: elpandiller left the game
